// Jest Snapshot v1, https://goo.gl/fbAQLP

exports[`Prueba del componente <GIfItem /> debe hacer match con el snapshot 1`] = `
<div>
  <div
    class="card"
  >
    <img
      alt="pochita"
      src="https://www.test-pochita.com/pochita.jpg"
    />
    <p>
      pochita
    </p>
  </div>
</div>
`;
